###############################################################
# RoboGuard minimal base -- live demo
#   ROS_DISTRO=jazzy  RMW=rmw_fastrtps_cpp
#   workspace=/ws
#   policy   =/ws/config/task_policy.yaml
###############################################################

== 1. bring-up ==
  OK: operator_node, navigation_sim, security_gateway up

== 2. ros2 action list ==
/rg/guarded_navigate [rg_interfaces/action/PatrolNavigate]
/rg/nav_execute [rg_interfaces/action/PatrolNavigate]

== 3. /rg/task_info sample (operator_node -> planner, advisory only) ==
data: '{"task_id": "patrol_a_001", "policy_version": "1.0", "coordinate_frame": "map", "description": "perimeter patrol, A zone", "publ...'
---
  OK: /rg/task_info is live (std_msgs/msg/String, advisory payload)

== 4. A zone: task_id=patrol_a_001 frame=map target=(1.5, 1.5) -- expect ALLOW ==
PLANNER_RESULT {"request_id": "demo-a-0001", "task_id": "patrol_a_001", "frame_id": "map", "target": {"x": 1.5, "y": 1.5, "z": 0.0}, "egress_action": "/rg/guarded_navigate", "goal_id": "906c27e9e5c14d67a5fb3d54720e612e", "outcome": "RESULT", "accepted": true, "goal_status": "STATUS_SUCCEEDED", "success": true, "status_code": "EXECUTED", "detail": "recorded target (1.5, 1.5, 0.0) in frame map; no path planning performed", "feedback_seen": {"progress": 0.5, "phase": "DOWNSTREAM:EXECUTING"}}
  planner exit code (A) = 0

== 5. B zone: target=(9.0, 9.0) is outside allowed_region -- expect BLOCK ==
PLANNER_RESULT {"request_id": "demo-b-0002", "task_id": "patrol_a_001", "frame_id": "map", "target": {"x": 9.0, "y": 9.0, "z": 0.0}, "egress_action": "/rg/guarded_navigate", "goal_id": "2b54c0395a2e4accbff33c7aa74e369c", "outcome": "RESULT", "accepted": true, "goal_status": "STATUS_ABORTED", "success": false, "status_code": "OUT_OF_REGION", "detail": "target (9.0, 9.0) outside allowed_region {'x_min': 0.0, 'x_max': 4.0, 'y_min': 0.0, 'y_max': 4.0}", "feedback_seen": null}
  planner exit code (B) = 0

== 6. audit trail ==
{"event_type": "RosCommEvent", "event_id": "813056d99a674635a12e0baa2f4d6243", "request_id": "demo-a-0001", "task_id": "patrol_a_001", "observed_via": "ros2_action", "resource": "/rg/guarded_navigate", "frame_id": "map", "x": 1.5, "y": 1.5, "z": 0.0, "target_finite": true, "received_at": "2026-10-09T04:51:25.360Z"}
{"event_type": "DecisionEvent", "event_id": "813056d99a674635a12e0baa2f4d6243", "request_id": "demo-a-0001", "task_id": "patrol_a_001", "policy_version": "1.0", "decision": "ALLOW", "reason_code": "ALLOW_IN_POLICY", "detail": "target (1.5, 1.5) inside allowed_region {'x_min': 0.0, 'x_max': 4.0, 'y_min': 0.0, 'y_max': 4.0}", "decision_at": "2026-10-09T04:51:25.360Z"}
{"event_type": "ExecutionEvent", "event_id": "813056d99a674635a12e0baa2f4d6243", "request_id": "demo-a-0001", "task_id": "patrol_a_001", "downstream_goal_id": "2c06983b5935489ea895d435c6459220", "success": true, "status_code": "EXECUTED", "detail": "downstream result: recorded target (1.5, 1.5, 0.0) in frame map; no path planning performed", "finished_at": "2026-10-09T04:51:25.364Z"}
{"event_type": "RosCommEvent", "event_id": "7683d7fdd0fa451ba80aebabb57b8b87", "request_id": "demo-b-0002", "task_id": "patrol_a_001", "observed_via": "ros2_action", "resource": "/rg/guarded_navigate", "frame_id": "map", "x": 9.0, "y": 9.0, "z": 0.0, "target_finite": true, "received_at": "2026-10-09T04:51:25.939Z"}
{"event_type": "DecisionEvent", "event_id": "7683d7fdd0fa451ba80aebabb57b8b87", "request_id": "demo-b-0002", "task_id": "patrol_a_001", "policy_version": "1.0", "decision": "BLOCK", "reason_code": "OUT_OF_REGION", "detail": "target (9.0, 9.0) outside allowed_region {'x_min': 0.0, 'x_max': 4.0, 'y_min': 0.0, 'y_max': 4.0}", "decision_at": "2026-10-09T04:51:25.939Z"}

== 7. assertions (count / log based) ==
  [PASS] NavigationSim received exactly 1 Goal (A only) -- journal lines=1
  [PASS] the received Goal is the A-zone request_id -- request_ids=['demo-a-0001']
  [PASS] B-zone request_id never reached the executor -- B request_id=demo-b-0002
  [PASS] DecisionEvent sequence is ALLOW then BLOCK -- [('ALLOW', 'ALLOW_IN_POLICY'), ('BLOCK', 'OUT_OF_REGION')]
  [PASS] exactly 1 ExecutionEvent (only the forwarded A request) -- executions=['EXECUTED']
  [PASS] BLOCK produced no ExecutionEvent for the B event_id -- no shared event_id
  [PASS] exactly 1 correlatable REJECTED log line -- reject lines=1
  [PASS] policy_version is recorded on every decision -- ['1.0', '1.0']

DEMO RESULT: PASS  (8 passed, 0 failed)

evidence:
  audit JSONL     : /ws/logs/demo/audit.jsonl
  navsim journal  : /ws/logs/demo/navsim_goals.jsonl
  gateway log     : /ws/logs/demo/gateway.log
  navsim log      : /ws/logs/demo/navsim.log
  operator log    : /ws/logs/demo/operator.log
  planner logs    : /ws/logs/demo/planner_a.log, /ws/logs/demo/planner_b.log
  planner exits   : A=0 B=0
LIVE DEMO RESULT: PASS
