evidence directory: tests/evidence/20261009T092417Z

=== scenario: A_zone_allow ===
    In-region target: Gateway ALLOW, one downstream Goal, EXECUTED.
    policy: /ws/config/task_policy.yaml
    [PASS] bringup: NavigationSim ready -- NAVSIM_READY seen in tests/evidence/20261009T092417Z/A_zone_allow/navsim.log
    [PASS] bringup: security_gateway ready -- GATEWAY_READY seen in tests/evidence/20261009T092417Z/A_zone_allow/gateway.log
    [PASS] navsim Goal count == 1 -- journal tests/evidence/20261009T092417Z/A_zone_allow/navsim_goals.jsonl has 1 line(s)
    [PASS] planner[allow] exit code == 0 -- actual exit code 0
    [PASS] planner[allow] Result.success == True -- status_code='EXECUTED' detail='recorded target (1.5, 1.5, 0.0) in frame map; no path planning performed'
    [PASS] planner[allow] status_code == EXECUTED -- actual status_code='EXECUTED'
    [PASS] DecisionEvent reason_code sequence == ['ALLOW_IN_POLICY'] -- actual sequence ['ALLOW_IN_POLICY']
    [PASS] ExecutionEvent count == 1 -- actual 1 ExecutionEvent(s): ['EXECUTED']
    [PASS] RosCommEvent count == DecisionEvent count == planner runs -- comm=1 decision=1 planner_runs=1
    [PASS] event_id traceability (1 RosComm + 1 Decision + <=1 Execution each) -- event_id groups: 1; malformed: none
    [PASS] BLOCKed event_ids never have an ExecutionEvent -- leaked event_ids: none
    [PASS] correlatable REJECTED log lines == 0 -- found 0 REJECTED line(s) in tests/evidence/20261009T092417Z/A_zone_allow/gateway.log
    [PASS] executor request_id set matches the ALLOWed set -- journal=['a-zone-request-0001'] expected=['a-zone-request-0001']

=== scenario: B_zone_block_out_of_region ===
    Out-of-region target: Gateway BLOCK/OUT_OF_REGION, zero downstream Goals.
    policy: /ws/config/task_policy.yaml
    [PASS] bringup: NavigationSim ready -- NAVSIM_READY seen in tests/evidence/20261009T092417Z/B_zone_block_out_of_region/navsim.log
    [PASS] bringup: security_gateway ready -- GATEWAY_READY seen in tests/evidence/20261009T092417Z/B_zone_block_out_of_region/gateway.log
    [PASS] navsim Goal count == 0 -- journal tests/evidence/20261009T092417Z/B_zone_block_out_of_region/navsim_goals.jsonl has 0 line(s)
    [PASS] planner[block] exit code == 0 -- actual exit code 0
    [PASS] planner[block] Result.success == False -- status_code='OUT_OF_REGION' detail="target (9.0, 9.0) outside allowed_region {'x_min': 0.0, 'x_max': 4.0, 'y_min': 0.0, 'y_max': 4.0}"
    [PASS] planner[block] status_code == OUT_OF_REGION -- actual status_code='OUT_OF_REGION'
    [PASS] DecisionEvent reason_code sequence == ['OUT_OF_REGION'] -- actual sequence ['OUT_OF_REGION']
    [PASS] ExecutionEvent count == 0 -- actual 0 ExecutionEvent(s): []
    [PASS] RosCommEvent count == DecisionEvent count == planner runs -- comm=1 decision=1 planner_runs=1
    [PASS] event_id traceability (1 RosComm + 1 Decision + <=1 Execution each) -- event_id groups: 1; malformed: none
    [PASS] BLOCKed event_ids never have an ExecutionEvent -- leaked event_ids: none
    [PASS] correlatable REJECTED log lines == 1 -- found 1 REJECTED line(s) in tests/evidence/20261009T092417Z/B_zone_block_out_of_region/gateway.log
    [PASS] every REJECTED line carries a BLOCKed request_id and event_id -- blocked request_ids=['b-zone-request-0002']
    [PASS] REJECTED lines declare downstream_goal_created=false -- checked 1 line(s)
    [PASS] executor request_id set matches the ALLOWed set -- journal=[] expected=[]

==============================================================================
SCENARIO SUMMARY  (2 passed / 2 total)
==============================================================================
  [PASS] A_zone_allow                       navsim_goals=1 decisions=ALLOW_IN_POLICY
  [PASS] B_zone_block_out_of_region         navsim_goals=0 decisions=OUT_OF_REGION
evidence: tests/evidence/20261009T092417Z
