
############ STAGE: colcon build ############
---------------------------------------------------------------
[run] colcon build
[cmd] colcon build --event-handlers console_direct+
Starting >>> rg_interfaces
Starting >>> rg_policy
[  2%] Built target rg_interfaces__rosidl_generator_type_description
[  5%] Built target rg_interfaces__rs
[  5%] Built target ament_cmake_python_copy_rg_interfaces
[  8%] Built target rg_interfaces__cpp
[ 22%] Built target rg_interfaces__rosidl_generator_c
[ 37%] Built target rg_interfaces__rosidl_typesupport_fastrtps_c
[ 40%] Built target rg_interfaces__rosidl_typesupport_c
[ 48%] Built target rg_interfaces__rosidl_typesupport_introspection_c
[ 57%] Built target rg_interfaces__rosidl_typesupport_fastrtps_cpp
[ 65%] Built target rg_interfaces__rosidl_typesupport_cpp
[ 74%] Built target rg_interfaces__rosidl_typesupport_introspection_cpp
[ 74%] Built target rg_interfaces
[ 77%] Built target rg_interfaces__py
[ 82%] Built target rg_interfaces__rosidl_generator_py
[ 88%] Built target rg_interfaces_s__rosidl_typesupport_fastrtps_c
[ 94%] Built target rg_interfaces_s__rosidl_typesupport_introspection_c
[100%] Built target rg_interfaces_s__rosidl_typesupport_c
running egg_info
writing rg_interfaces.egg-info/PKG-INFO
writing dependency_links to rg_interfaces.egg-info/dependency_links.txt
writing top-level names to rg_interfaces.egg-info/top_level.txt
reading manifest file 'rg_interfaces.egg-info/SOURCES.txt'
writing manifest file 'rg_interfaces.egg-info/SOURCES.txt'
[100%] Built target ament_cmake_python_build_rg_interfaces_egg
-- Install configuration: ""
-- Up-to-date: /ws/install/rg_interfaces/share/ament_index/resource_index/rosidl_interfaces/rg_interfaces
-- Up-to-date: /ws/install/rg_interfaces/share/rg_interfaces/action/PatrolNavigate.json
-- Up-to-date: /ws/install/rg_interfaces/include/rg_interfaces/rg_interfaces
-- Up-to-date: /ws/install/rg_interfaces/include/rg_interfaces/rg_interfaces/action
-- Up-to-date: /ws/install/rg_interfaces/include/rg_interfaces/rg_interfaces/action/detail
-- Up-to-date: /ws/install/rg_interfaces/include/rg_interfaces/rg_interfaces/action/detail/patrol_navigate__functions.c
-- Up-to-date: /ws/install/rg_interfaces/include/rg_interfaces/rg_interfaces/action/detail/patrol_navigate__functions.h
-- Up-to-date: /ws/install/rg_interfaces/include/rg_interfaces/rg_interfaces/action/detail/patrol_navigate__struct.h
-- Up-to-date: /ws/install/rg_interfaces/include/rg_interfaces/rg_interfaces/action/detail/patrol_navigate__type_support.h
-- Up-to-date: /ws/install/rg_interfaces/include/rg_interfaces/rg_interfaces/action/detail/patrol_navigate__description.c
-- Up-to-date: /ws/install/rg_interfaces/include/rg_interfaces/rg_interfaces/action/detail/patrol_navigate__type_support.c
-- Up-to-date: /ws/install/rg_interfaces/include/rg_interfaces/rg_interfaces/action/patrol_navigate.h
-- Up-to-date: /ws/install/rg_interfaces/include/rg_interfaces/rg_interfaces/msg
-- Up-to-date: /ws/install/rg_interfaces/include/rg_interfaces/rg_interfaces/msg/rosidl_generator_c__visibility_control.h
-- Up-to-date: /ws/install/rg_interfaces/share/rg_interfaces/environment/library_path.sh
-- Up-to-date: /ws/install/rg_interfaces/share/rg_interfaces/environment/library_path.dsv
-- Up-to-date: /ws/install/rg_interfaces/lib/librg_interfaces__rosidl_generator_c.so
-- Up-to-date: /ws/install/rg_interfaces/include/rg_interfaces/rg_interfaces
-- Up-to-date: /ws/install/rg_interfaces/include/rg_interfaces/rg_interfaces/action
-- Up-to-date: /ws/install/rg_interfaces/include/rg_interfaces/rg_interfaces/action/detail
-- Up-to-date: /ws/install/rg_interfaces/include/rg_interfaces/rg_interfaces/action/detail/patrol_navigate__rosidl_typesupport_fastrtps_c.h
-- Up-to-date: /ws/install/rg_interfaces/include/rg_interfaces/rg_interfaces/msg
-- Up-to-date: /ws/install/rg_interfaces/include/rg_interfaces/rg_interfaces/msg/rosidl_typesupport_fastrtps_c__visibility_control.h
-- Up-to-date: /ws/install/rg_interfaces/lib/librg_interfaces__rosidl_typesupport_fastrtps_c.so
-- Up-to-date: /ws/install/rg_interfaces/include/rg_interfaces/rg_interfaces
-- Up-to-date: /ws/install/rg_interfaces/include/rg_interfaces/rg_interfaces/action
-- Up-to-date: /ws/install/rg_interfaces/include/rg_interfaces/rg_interfaces/action/detail
-- Up-to-date: /ws/install/rg_interfaces/include/rg_interfaces/rg_interfaces/action/detail/patrol_navigate__type_support.c
-- Up-to-date: /ws/install/rg_interfaces/include/rg_interfaces/rg_interfaces/action/detail/patrol_navigate__rosidl_typesupport_introspection_c.h
-- Up-to-date: /ws/install/rg_interfaces/include/rg_interfaces/rg_interfaces/msg
-- Up-to-date: /ws/install/rg_interfaces/include/rg_interfaces/rg_interfaces/msg/rosidl_typesupport_introspection_c__visibility_control.h
-- Up-to-date: /ws/install/rg_interfaces/lib/librg_interfaces__rosidl_typesupport_introspection_c.so
-- Up-to-date: /ws/install/rg_interfaces/lib/librg_interfaces__rosidl_typesupport_c.so
-- Up-to-date: /ws/install/rg_interfaces/include/rg_interfaces/rg_interfaces
-- Up-to-date: /ws/install/rg_interfaces/include/rg_interfaces/rg_interfaces/action
-- Up-to-date: /ws/install/rg_interfaces/include/rg_interfaces/rg_interfaces/action/patrol_navigate.hpp
-- Up-to-date: /ws/install/rg_interfaces/include/rg_interfaces/rg_interfaces/action/detail
-- Up-to-date: /ws/install/rg_interfaces/include/rg_interfaces/rg_interfaces/action/detail/patrol_navigate__traits.hpp
-- Up-to-date: /ws/install/rg_interfaces/include/rg_interfaces/rg_interfaces/action/detail/patrol_navigate__builder.hpp
-- Up-to-date: /ws/install/rg_interfaces/include/rg_interfaces/rg_interfaces/action/detail/patrol_navigate__type_support.hpp
-- Up-to-date: /ws/install/rg_interfaces/include/rg_interfaces/rg_interfaces/action/detail/patrol_navigate__struct.hpp
-- Up-to-date: /ws/install/rg_interfaces/include/rg_interfaces/rg_interfaces/msg
-- Up-to-date: /ws/install/rg_interfaces/include/rg_interfaces/rg_interfaces/msg/rosidl_generator_cpp__visibility_control.hpp
-- Up-to-date: /ws/install/rg_interfaces/include/rg_interfaces/rg_interfaces
-- Up-to-date: /ws/install/rg_interfaces/include/rg_interfaces/rg_interfaces/action
-- Up-to-date: /ws/install/rg_interfaces/include/rg_interfaces/rg_interfaces/action/detail
-- Up-to-date: /ws/install/rg_interfaces/include/rg_interfaces/rg_interfaces/action/detail/dds_fastrtps
-- Up-to-date: /ws/install/rg_interfaces/include/rg_interfaces/rg_interfaces/action/detail/patrol_navigate__rosidl_typesupport_fastrtps_cpp.hpp
-- Up-to-date: /ws/install/rg_interfaces/include/rg_interfaces/rg_interfaces/msg
-- Up-to-date: /ws/install/rg_interfaces/include/rg_interfaces/rg_interfaces/msg/rosidl_typesupport_fastrtps_cpp__visibility_control.h
-- Up-to-date: /ws/install/rg_interfaces/lib/librg_interfaces__rosidl_typesupport_fastrtps_cpp.so
-- Up-to-date: /ws/install/rg_interfaces/include/rg_interfaces/rg_interfaces
-- Up-to-date: /ws/install/rg_interfaces/include/rg_interfaces/rg_interfaces/action
-- Up-to-date: /ws/install/rg_interfaces/include/rg_interfaces/rg_interfaces/action/detail
-- Up-to-date: /ws/install/rg_interfaces/include/rg_interfaces/rg_interfaces/action/detail/patrol_navigate__type_support.cpp
-- Up-to-date: /ws/install/rg_interfaces/include/rg_interfaces/rg_interfaces/action/detail/patrol_navigate__rosidl_typesupport_introspection_cpp.hpp
-- Up-to-date: /ws/install/rg_interfaces/lib/librg_interfaces__rosidl_typesupport_introspection_cpp.so
-- Up-to-date: /ws/install/rg_interfaces/lib/librg_interfaces__rosidl_typesupport_cpp.so
-- Up-to-date: /ws/install/rg_interfaces/share/rg_interfaces/environment/pythonpath.sh
-- Up-to-date: /ws/install/rg_interfaces/share/rg_interfaces/environment/pythonpath.dsv
-- Up-to-date: /ws/install/rg_interfaces/lib/python3.12/site-packages/rg_interfaces-0.1.0-py3.12.egg-info
-- Installing: /ws/install/rg_interfaces/lib/python3.12/site-packages/rg_interfaces-0.1.0-py3.12.egg-info/dependency_links.txt
-- Installing: /ws/install/rg_interfaces/lib/python3.12/site-packages/rg_interfaces-0.1.0-py3.12.egg-info/top_level.txt
-- Installing: /ws/install/rg_interfaces/lib/python3.12/site-packages/rg_interfaces-0.1.0-py3.12.egg-info/SOURCES.txt
-- Installing: /ws/install/rg_interfaces/lib/python3.12/site-packages/rg_interfaces-0.1.0-py3.12.egg-info/PKG-INFO
-- Up-to-date: /ws/install/rg_interfaces/lib/python3.12/site-packages/rg_interfaces
-- Up-to-date: /ws/install/rg_interfaces/lib/python3.12/site-packages/rg_interfaces/_rg_interfaces_s.ep.rosidl_typesupport_fastrtps_c.c
-- Up-to-date: /ws/install/rg_interfaces/lib/python3.12/site-packages/rg_interfaces/rg_interfaces_s__rosidl_typesupport_c.so
-- Up-to-date: /ws/install/rg_interfaces/lib/python3.12/site-packages/rg_interfaces/rg_interfaces_s__rosidl_typesupport_fastrtps_c.so
-- Up-to-date: /ws/install/rg_interfaces/lib/python3.12/site-packages/rg_interfaces/rg_interfaces_s__rosidl_typesupport_introspection_c.so
-- Up-to-date: /ws/install/rg_interfaces/lib/python3.12/site-packages/rg_interfaces/_rg_interfaces_s.ep.rosidl_typesupport_introspection_c.c
-- Up-to-date: /ws/install/rg_interfaces/lib/python3.12/site-packages/rg_interfaces/action
-- Up-to-date: /ws/install/rg_interfaces/lib/python3.12/site-packages/rg_interfaces/action/_patrol_navigate_s.c
-- Up-to-date: /ws/install/rg_interfaces/lib/python3.12/site-packages/rg_interfaces/action/_patrol_navigate.py
-- Up-to-date: /ws/install/rg_interfaces/lib/python3.12/site-packages/rg_interfaces/action/__init__.py
-- Up-to-date: /ws/install/rg_interfaces/lib/python3.12/site-packages/rg_interfaces/__init__.py
-- Up-to-date: /ws/install/rg_interfaces/lib/python3.12/site-packages/rg_interfaces/_rg_interfaces_s.ep.rosidl_typesupport_c.c
Listing '/ws/install/rg_interfaces/lib/python3.12/site-packages/rg_interfaces'...
Listing '/ws/install/rg_interfaces/lib/python3.12/site-packages/rg_interfaces/action'...
-- Up-to-date: /ws/install/rg_interfaces/lib/python3.12/site-packages/rg_interfaces/rg_interfaces_s__rosidl_typesupport_fastrtps_c.so
-- Up-to-date: /ws/install/rg_interfaces/lib/python3.12/site-packages/rg_interfaces/rg_interfaces_s__rosidl_typesupport_introspection_c.so
-- Up-to-date: /ws/install/rg_interfaces/lib/python3.12/site-packages/rg_interfaces/rg_interfaces_s__rosidl_typesupport_c.so
-- Up-to-date: /ws/install/rg_interfaces/lib/librg_interfaces__rosidl_generator_py.so
-- Up-to-date: /ws/install/rg_interfaces/share/rg_interfaces/rust
-- Up-to-date: /ws/install/rg_interfaces/share/rg_interfaces/rust/src
-- Up-to-date: /ws/install/rg_interfaces/share/rg_interfaces/rust/src/action
-- Up-to-date: /ws/install/rg_interfaces/share/rg_interfaces/rust/src/action/rmw.rs
-- Up-to-date: /ws/install/rg_interfaces/share/rg_interfaces/rust/src/lib.rs
-- Up-to-date: /ws/install/rg_interfaces/share/rg_interfaces/rust/src/action.rs
-- Up-to-date: /ws/install/rg_interfaces/share/rg_interfaces/rust/build.rs
-- Up-to-date: /ws/install/rg_interfaces/share/rg_interfaces/rust/Cargo.toml
-- Up-to-date: /ws/install/rg_interfaces/share/rg_interfaces/action/PatrolNavigate.idl
-- Up-to-date: /ws/install/rg_interfaces/share/rg_interfaces/action/PatrolNavigate.action
-- Up-to-date: /ws/install/rg_interfaces/share/ament_index/resource_index/package_run_dependencies/rg_interfaces
-- Up-to-date: /ws/install/rg_interfaces/share/ament_index/resource_index/parent_prefix_path/rg_interfaces
-- Up-to-date: /ws/install/rg_interfaces/share/rg_interfaces/environment/ament_prefix_path.sh
-- Up-to-date: /ws/install/rg_interfaces/share/rg_interfaces/environment/ament_prefix_path.dsv
-- Up-to-date: /ws/install/rg_interfaces/share/rg_interfaces/environment/path.sh
-- Up-to-date: /ws/install/rg_interfaces/share/rg_interfaces/environment/path.dsv
-- Up-to-date: /ws/install/rg_interfaces/share/rg_interfaces/local_setup.bash
-- Up-to-date: /ws/install/rg_interfaces/share/rg_interfaces/local_setup.sh
-- Up-to-date: /ws/install/rg_interfaces/share/rg_interfaces/local_setup.zsh
-- Up-to-date: /ws/install/rg_interfaces/share/rg_interfaces/local_setup.dsv
-- Installing: /ws/install/rg_interfaces/share/rg_interfaces/package.dsv
-- Up-to-date: /ws/install/rg_interfaces/share/ament_index/resource_index/packages/rg_interfaces
-- Up-to-date: /ws/install/rg_interfaces/share/rg_interfaces/cmake/export_rg_interfaces__rosidl_generator_cExport.cmake
-- Up-to-date: /ws/install/rg_interfaces/share/rg_interfaces/cmake/export_rg_interfaces__rosidl_generator_cExport-noconfig.cmake
-- Up-to-date: /ws/install/rg_interfaces/share/rg_interfaces/cmake/export_rg_interfaces__rosidl_typesupport_fastrtps_cExport.cmake
-- Up-to-date: /ws/install/rg_interfaces/share/rg_interfaces/cmake/export_rg_interfaces__rosidl_typesupport_fastrtps_cExport-noconfig.cmake
-- Up-to-date: /ws/install/rg_interfaces/share/rg_interfaces/cmake/rg_interfaces__rosidl_typesupport_introspection_cExport.cmake
-- Up-to-date: /ws/install/rg_interfaces/share/rg_interfaces/cmake/rg_interfaces__rosidl_typesupport_introspection_cExport-noconfig.cmake
-- Up-to-date: /ws/install/rg_interfaces/share/rg_interfaces/cmake/rg_interfaces__rosidl_typesupport_cExport.cmake
-- Up-to-date: /ws/install/rg_interfaces/share/rg_interfaces/cmake/rg_interfaces__rosidl_typesupport_cExport-noconfig.cmake
-- Up-to-date: /ws/install/rg_interfaces/share/rg_interfaces/cmake/export_rg_interfaces__rosidl_generator_cppExport.cmake
-- Up-to-date: /ws/install/rg_interfaces/share/rg_interfaces/cmake/export_rg_interfaces__rosidl_typesupport_fastrtps_cppExport.cmake
-- Up-to-date: /ws/install/rg_interfaces/share/rg_interfaces/cmake/export_rg_interfaces__rosidl_typesupport_fastrtps_cppExport-noconfig.cmake
-- Up-to-date: /ws/install/rg_interfaces/share/rg_interfaces/cmake/rg_interfaces__rosidl_typesupport_introspection_cppExport.cmake
-- Up-to-date: /ws/install/rg_interfaces/share/rg_interfaces/cmake/rg_interfaces__rosidl_typesupport_introspection_cppExport-noconfig.cmake
-- Up-to-date: /ws/install/rg_interfaces/share/rg_interfaces/cmake/rg_interfaces__rosidl_typesupport_cppExport.cmake
-- Up-to-date: /ws/install/rg_interfaces/share/rg_interfaces/cmake/rg_interfaces__rosidl_typesupport_cppExport-noconfig.cmake
-- Up-to-date: /ws/install/rg_interfaces/share/rg_interfaces/cmake/export_rg_interfaces__rosidl_generator_pyExport.cmake
-- Up-to-date: /ws/install/rg_interfaces/share/rg_interfaces/cmake/export_rg_interfaces__rosidl_generator_pyExport-noconfig.cmake
-- Up-to-date: /ws/install/rg_interfaces/share/rg_interfaces/cmake/rosidl_cmake-extras.cmake
-- Up-to-date: /ws/install/rg_interfaces/share/rg_interfaces/cmake/ament_cmake_export_dependencies-extras.cmake
-- Up-to-date: /ws/install/rg_interfaces/share/rg_interfaces/cmake/ament_cmake_export_include_directories-extras.cmake
-- Up-to-date: /ws/install/rg_interfaces/share/rg_interfaces/cmake/ament_cmake_export_libraries-extras.cmake
-- Up-to-date: /ws/install/rg_interfaces/share/rg_interfaces/cmake/ament_cmake_export_targets-extras.cmake
-- Up-to-date: /ws/install/rg_interfaces/share/rg_interfaces/cmake/rosidl_cmake_export_typesupport_targets-extras.cmake
-- Up-to-date: /ws/install/rg_interfaces/share/rg_interfaces/cmake/rosidl_cmake_export_typesupport_libraries-extras.cmake
-- Up-to-date: /ws/install/rg_interfaces/share/rg_interfaces/cmake/rosidl_cmake_aggregate_target-extras.cmake
-- Up-to-date: /ws/install/rg_interfaces/share/rg_interfaces/cmake/rg_interfacesConfig.cmake
-- Up-to-date: /ws/install/rg_interfaces/share/rg_interfaces/cmake/rg_interfacesConfig-version.cmake
-- Up-to-date: /ws/install/rg_interfaces/share/rg_interfaces/package.xml
Finished <<< rg_interfaces [0.22s]
running egg_info
writing ../../build/rg_policy/rg_policy.egg-info/PKG-INFO
writing dependency_links to ../../build/rg_policy/rg_policy.egg-info/dependency_links.txt
writing requirements to ../../build/rg_policy/rg_policy.egg-info/requires.txt
writing top-level names to ../../build/rg_policy/rg_policy.egg-info/top_level.txt
reading manifest file '../../build/rg_policy/rg_policy.egg-info/SOURCES.txt'
writing manifest file '../../build/rg_policy/rg_policy.egg-info/SOURCES.txt'
running build
running build_py
running install
running install_lib
running install_data
running install_egg_info
removing '/ws/install/rg_policy/lib/python3.12/site-packages/rg_policy-0.1.0-py3.12.egg-info' (and everything under it)
Copying ../../build/rg_policy/rg_policy.egg-info to /ws/install/rg_policy/lib/python3.12/site-packages/rg_policy-0.1.0-py3.12.egg-info
running install_scripts
writing list of installed files to '/ws/build/rg_policy/install.log'
Finished <<< rg_policy [0.47s]
Starting >>> rg_demo_nodes
Starting >>> rg_gateway
running egg_info
writing ../../build/rg_demo_nodes/rg_demo_nodes.egg-info/PKG-INFO
writing dependency_links to ../../build/rg_demo_nodes/rg_demo_nodes.egg-info/dependency_links.txt
writing entry points to ../../build/rg_demo_nodes/rg_demo_nodes.egg-info/entry_points.txt
writing requirements to ../../build/rg_demo_nodes/rg_demo_nodes.egg-info/requires.txt
writing top-level names to ../../build/rg_demo_nodes/rg_demo_nodes.egg-info/top_level.txt
reading manifest file '../../build/rg_demo_nodes/rg_demo_nodes.egg-info/SOURCES.txt'
writing manifest file '../../build/rg_demo_nodes/rg_demo_nodes.egg-info/SOURCES.txt'
running build
running build_py
running install
running install_lib
running egg_info
running install_data
running install_egg_info
writing ../../build/rg_gateway/rg_gateway.egg-info/PKG-INFO
writing dependency_links to ../../build/rg_gateway/rg_gateway.egg-info/dependency_links.txt
writing entry points to ../../build/rg_gateway/rg_gateway.egg-info/entry_points.txt
writing requirements to ../../build/rg_gateway/rg_gateway.egg-info/requires.txt
writing top-level names to ../../build/rg_gateway/rg_gateway.egg-info/top_level.txt
removing '/ws/install/rg_demo_nodes/lib/python3.12/site-packages/rg_demo_nodes-0.1.0-py3.12.egg-info' (and everything under it)
Copying ../../build/rg_demo_nodes/rg_demo_nodes.egg-info to /ws/install/rg_demo_nodes/lib/python3.12/site-packages/rg_demo_nodes-0.1.0-py3.12.egg-info
running install_scripts
reading manifest file '../../build/rg_gateway/rg_gateway.egg-info/SOURCES.txt'
writing manifest file '../../build/rg_gateway/rg_gateway.egg-info/SOURCES.txt'
running build
running build_py
running install
running install_lib
running install_data
running install_egg_info
removing '/ws/install/rg_gateway/lib/python3.12/site-packages/rg_gateway-0.1.0-py3.12.egg-info' (and everything under it)
Copying ../../build/rg_gateway/rg_gateway.egg-info to /ws/install/rg_gateway/lib/python3.12/site-packages/rg_gateway-0.1.0-py3.12.egg-info
running install_scripts
Installing navigation_sim script to /ws/install/rg_demo_nodes/lib/rg_demo_nodes
Installing operator_node script to /ws/install/rg_demo_nodes/lib/rg_demo_nodes
Installing planner_node script to /ws/install/rg_demo_nodes/lib/rg_demo_nodes
writing list of installed files to '/ws/build/rg_demo_nodes/install.log'
Finished <<< rg_demo_nodes [0.55s]
Installing security_gateway script to /ws/install/rg_gateway/lib/rg_gateway
writing list of installed files to '/ws/build/rg_gateway/install.log'
Finished <<< rg_gateway [0.57s]

Summary: 4 packages finished [1.13s]
[exit] 0
[log] ${WORKSPACE}/logs/build.log
---------------------------------------------------------------

############ STAGE: unit tests ############
---------------------------------------------------------------
[run] unit tests
[cmd] python3 -m pytest tests/unit -v -p no:cacheprovider
============================= test session starts ==============================
platform linux -- Python 3.12.3, pytest-7.4.4, pluggy-1.4.0 -- /usr/bin/python3
rootdir: /ws
configfile: pytest.ini
plugins: ament-pep257-0.17.5, ament-lint-0.17.5, launch-testing-3.4.11, launch-testing-ros-0.26.12, ament-copyright-0.17.5, ament-xmllint-0.17.5, ament-flake8-0.17.5, colcon-core-0.21.3
collecting ... collected 155 items

tests/unit/test_events.py::test_ros_comm_event_contains_every_frozen_field PASSED [  0%]
tests/unit/test_events.py::test_decision_event_contains_every_frozen_field PASSED [  1%]
tests/unit/test_events.py::test_execution_event_contains_every_frozen_field PASSED [  1%]
tests/unit/test_events.py::test_audit_events_carry_request_id_for_correlation PASSED [  2%]
tests/unit/test_events.py::test_event_id_must_not_be_empty[] PASSED      [  3%]
tests/unit/test_events.py::test_event_id_must_not_be_empty[   ] PASSED   [  3%]
tests/unit/test_events.py::test_event_id_must_not_be_empty[None] PASSED  [  4%]
tests/unit/test_events.py::test_decision_must_be_a_known_verdict PASSED  [  5%]
tests/unit/test_events.py::test_reason_code_must_come_from_the_vocabulary PASSED [  5%]
tests/unit/test_events.py::test_status_code_must_come_from_the_vocabulary PASSED [  6%]
tests/unit/test_events.py::test_downstream_goal_id_requires_an_explicit_marker PASSED [  7%]
tests/unit/test_events.py::test_policy_version_requires_an_explicit_marker PASSED [  7%]
tests/unit/test_events.py::test_malformed_client_input_is_still_recordable PASSED [  8%]
tests/unit/test_events.py::test_non_finite_targets_are_recorded_faithfully[nan-NaN] PASSED [  9%]
tests/unit/test_events.py::test_non_finite_targets_are_recorded_faithfully[inf-Infinity] PASSED [  9%]
tests/unit/test_events.py::test_non_finite_targets_are_recorded_faithfully[-inf--Infinity] PASSED [ 10%]
tests/unit/test_events.py::test_finite_targets_are_recorded_as_numbers PASSED [ 10%]
tests/unit/test_events.py::test_emitted_json_is_strict PASSED            [ 11%]
tests/unit/test_events.py::test_writer_appends_jsonl_and_round_trips PASSED [ 12%]
tests/unit/test_events.py::test_writer_creates_parent_directories PASSED [ 12%]
tests/unit/test_events.py::test_writer_flushes_so_a_running_test_can_count_records PASSED [ 13%]
tests/unit/test_events.py::test_writer_rejects_non_event_objects PASSED  [ 14%]
tests/unit/test_events.py::test_write_after_close_raises PASSED          [ 14%]
tests/unit/test_events.py::test_trace_by_event_id_groups_all_phases PASSED [ 15%]
tests/unit/test_gateway_audit_safety.py::test_fault_injection_choices_are_exactly_the_documented_set PASSED [ 16%]
tests/unit/test_gateway_audit_safety.py::test_injection_targets_only_the_selected_event_type[none-expected0] PASSED [ 16%]
tests/unit/test_gateway_audit_safety.py::test_injection_targets_only_the_selected_event_type[comm-expected1] PASSED [ 17%]
tests/unit/test_gateway_audit_safety.py::test_injection_targets_only_the_selected_event_type[decision-expected2] PASSED [ 18%]
tests/unit/test_gateway_audit_safety.py::test_injection_targets_only_the_selected_event_type[execution-expected3] PASSED [ 18%]
tests/unit/test_gateway_audit_safety.py::test_injection_targets_only_the_selected_event_type[all-expected4] PASSED [ 19%]
tests/unit/test_gateway_audit_safety.py::test_injection_never_targets_unknown_event_types PASSED [ 20%]
tests/unit/test_gateway_audit_safety.py::test_injection_makes_every_targeted_write_fail PASSED [ 20%]
tests/unit/test_gateway_audit_safety.py::test_injection_has_no_path_that_returns_true_for_targeted_event PASSED [ 21%]
tests/unit/test_gateway_audit_safety.py::test_pre_execution_failure_counts_towards_pre_execution_counter PASSED [ 21%]
tests/unit/test_gateway_audit_safety.py::test_post_execution_failure_counts_towards_post_execution_counter PASSED [ 22%]
tests/unit/test_gateway_audit_safety.py::test_post_execution_failure_message_forbids_claiming_no_execution PASSED [ 23%]
tests/unit/test_gateway_audit_safety.py::test_pre_execution_failure_message_states_fail_closed PASSED [ 23%]
tests/unit/test_gateway_audit_safety.py::test_default_fault_injection_is_disabled PASSED [ 24%]
tests/unit/test_gateway_audit_safety.py::test_invalid_fault_injection_value_is_rejected_in_source PASSED [ 25%]
tests/unit/test_interface_contract.py::test_action_file_exists PASSED    [ 25%]
tests/unit/test_interface_contract.py::test_goal_fields_are_frozen PASSED [ 26%]
tests/unit/test_interface_contract.py::test_result_fields_are_frozen PASSED [ 27%]
tests/unit/test_interface_contract.py::test_feedback_fields_are_frozen PASSED [ 27%]
tests/unit/test_interface_contract.py::test_action_file_has_exactly_two_separators PASSED [ 28%]
tests/unit/test_interface_contract.py::test_generated_interface_matches_the_action_file PASSED [ 29%]
tests/unit/test_interface_contract.py::test_frozen_resource_names_are_used_in_source PASSED [ 29%]
tests/unit/test_interface_contract.py::test_planner_egress_is_not_configurable PASSED [ 30%]
tests/unit/test_interface_contract.py::test_gateway_action_names_and_defaults PASSED [ 30%]
tests/unit/test_interface_contract.py::test_reason_code_vocabulary_is_frozen PASSED [ 31%]
tests/unit/test_interface_contract.py::test_policy_schema_fields_are_frozen PASSED [ 32%]
tests/unit/test_interface_contract.py::test_authoritative_policy_matches_the_documented_example PASSED [ 32%]
tests/unit/test_interface_contract.py::test_rg_policy_is_ros_free PASSED [ 33%]
tests/unit/test_interface_contract.py::test_no_key_material_is_committed PASSED [ 34%]
tests/unit/test_policy_engine.py::test_in_region_targets_are_allowed[0.0-0.0] PASSED [ 34%]
tests/unit/test_policy_engine.py::test_in_region_targets_are_allowed[4.0-4.0] PASSED [ 35%]
tests/unit/test_policy_engine.py::test_in_region_targets_are_allowed[0.0-4.0] PASSED [ 36%]
tests/unit/test_policy_engine.py::test_in_region_targets_are_allowed[4.0-0.0] PASSED [ 36%]
tests/unit/test_policy_engine.py::test_in_region_targets_are_allowed[2.0-2.0] PASSED [ 37%]
tests/unit/test_policy_engine.py::test_in_region_targets_are_allowed[3.999-0.001] PASSED [ 38%]
tests/unit/test_policy_engine.py::test_z_is_not_region_constrained PASSED [ 38%]
tests/unit/test_policy_engine.py::test_out_of_region_targets_are_blocked[9.0-9.0] PASSED [ 39%]
tests/unit/test_policy_engine.py::test_out_of_region_targets_are_blocked[-0.001-2.0] PASSED [ 40%]
tests/unit/test_policy_engine.py::test_out_of_region_targets_are_blocked[2.0--0.001] PASSED [ 40%]
tests/unit/test_policy_engine.py::test_out_of_region_targets_are_blocked[4.001-2.0] PASSED [ 41%]
tests/unit/test_policy_engine.py::test_out_of_region_targets_are_blocked[2.0-4.001] PASSED [ 41%]
tests/unit/test_policy_engine.py::test_out_of_region_targets_are_blocked[1000000.0-1000000.0] PASSED [ 42%]
tests/unit/test_policy_engine.py::test_task_id_mismatch_is_blocked PASSED [ 43%]
tests/unit/test_policy_engine.py::test_empty_or_nonmatching_task_id_is_blocked[] PASSED [ 43%]
tests/unit/test_policy_engine.py::test_empty_or_nonmatching_task_id_is_blocked[   ] PASSED [ 44%]
tests/unit/test_policy_engine.py::test_empty_or_nonmatching_task_id_is_blocked[PATROL_A_001] PASSED [ 45%]
tests/unit/test_policy_engine.py::test_empty_or_nonmatching_task_id_is_blocked[patrol_a_001 ] PASSED [ 45%]
tests/unit/test_policy_engine.py::test_invalid_frame_id_is_blocked[camera_link] PASSED [ 46%]
tests/unit/test_policy_engine.py::test_invalid_frame_id_is_blocked[] PASSED [ 47%]
tests/unit/test_policy_engine.py::test_invalid_frame_id_is_blocked[   ] PASSED [ 47%]
tests/unit/test_policy_engine.py::test_invalid_frame_id_is_blocked[MAP] PASSED [ 48%]
tests/unit/test_policy_engine.py::test_invalid_frame_id_is_blocked[odom] PASSED [ 49%]
tests/unit/test_policy_engine.py::test_missing_request_id_is_blocked[] PASSED [ 49%]
tests/unit/test_policy_engine.py::test_missing_request_id_is_blocked[   ] PASSED [ 50%]
tests/unit/test_policy_engine.py::test_missing_request_id_is_blocked[None] PASSED [ 50%]
tests/unit/test_policy_engine.py::test_non_finite_target_components_are_blocked[nan-x] PASSED [ 51%]
tests/unit/test_policy_engine.py::test_non_finite_target_components_are_blocked[nan-y] PASSED [ 52%]
tests/unit/test_policy_engine.py::test_non_finite_target_components_are_blocked[nan-z] PASSED [ 52%]
tests/unit/test_policy_engine.py::test_non_finite_target_components_are_blocked[inf-x] PASSED [ 53%]
tests/unit/test_policy_engine.py::test_non_finite_target_components_are_blocked[inf-y] PASSED [ 54%]
tests/unit/test_policy_engine.py::test_non_finite_target_components_are_blocked[inf-z] PASSED [ 54%]
tests/unit/test_policy_engine.py::test_non_finite_target_components_are_blocked[-inf-x] PASSED [ 55%]
tests/unit/test_policy_engine.py::test_non_finite_target_components_are_blocked[-inf-y] PASSED [ 56%]
tests/unit/test_policy_engine.py::test_non_finite_target_components_are_blocked[-inf-z] PASSED [ 56%]
tests/unit/test_policy_engine.py::test_non_numeric_target_component_is_blocked PASSED [ 57%]
tests/unit/test_policy_engine.py::test_missing_policy_is_blocked PASSED  [ 58%]
tests/unit/test_policy_engine.py::test_inactive_policy_is_blocked PASSED [ 58%]
tests/unit/test_policy_engine.py::test_policy_check_precedes_every_request_check PASSED [ 59%]
tests/unit/test_policy_engine.py::test_task_check_precedes_frame_check PASSED [ 60%]
tests/unit/test_policy_engine.py::test_frame_check_precedes_finiteness_check PASSED [ 60%]
tests/unit/test_policy_engine.py::test_finiteness_check_precedes_region_check PASSED [ 61%]
tests/unit/test_policy_engine.py::test_evaluate_is_pure_and_repeatable PASSED [ 61%]
tests/unit/test_policy_engine.py::test_evaluate_does_not_mutate_policy_or_request PASSED [ 62%]
tests/unit/test_policy_engine.py::test_decision_serialisation_exposes_reason_code_and_version PASSED [ 63%]
tests/unit/test_policy_engine.py::test_every_reason_code_is_reachable PASSED [ 63%]
tests/unit/test_request_tracker.py::test_first_arrival_is_not_a_duplicate PASSED [ 64%]
tests/unit/test_request_tracker.py::test_second_arrival_of_same_id_is_a_duplicate PASSED [ 65%]
tests/unit/test_request_tracker.py::test_duplicate_window_expires PASSED [ 65%]
tests/unit/test_request_tracker.py::test_rate_limit_allows_up_to_the_policy_ceiling PASSED [ 66%]
tests/unit/test_request_tracker.py::test_rate_window_slides PASSED       [ 67%]
tests/unit/test_request_tracker.py::test_rate_ceiling_comes_from_the_policy_each_call PASSED [ 67%]
tests/unit/test_request_tracker.py::test_blocked_requests_do_not_consume_rate_budget PASSED [ 68%]
tests/unit/test_request_tracker.py::test_tracked_ids_are_bounded PASSED  [ 69%]
tests/unit/test_request_tracker.py::test_snapshot_and_reset PASSED       [ 69%]
tests/unit/test_request_tracker.py::test_concurrent_accounting_is_consistent PASSED [ 70%]
tests/unit/test_task_policy_loader.py::test_authoritative_policy_loads_with_expected_values PASSED [ 70%]
tests/unit/test_task_policy_loader.py::test_region_containment_is_inclusive PASSED [ 71%]
tests/unit/test_task_policy_loader.py::test_extra_fields_are_recorded_not_fatal PASSED [ 72%]
tests/unit/test_task_policy_loader.py::test_inactive_policy_still_loads PASSED [ 72%]
tests/unit/test_task_policy_loader.py::test_missing_file_raises_policy_missing PASSED [ 73%]
tests/unit/test_task_policy_loader.py::test_empty_path_raises_policy_missing PASSED [ 74%]
tests/unit/test_task_policy_loader.py::test_unparseable_yaml_raises_policy_schema_error PASSED [ 74%]
tests/unit/test_task_policy_loader.py::test_non_mapping_root_is_rejected PASSED [ 75%]
tests/unit/test_task_policy_loader.py::test_each_required_field_is_mandatory[task_id] PASSED [ 76%]
tests/unit/test_task_policy_loader.py::test_each_required_field_is_mandatory[policy_version] PASSED [ 76%]
tests/unit/test_task_policy_loader.py::test_each_required_field_is_mandatory[active] PASSED [ 77%]
tests/unit/test_task_policy_loader.py::test_each_required_field_is_mandatory[coordinate_frame] PASSED [ 78%]
tests/unit/test_task_policy_loader.py::test_each_required_field_is_mandatory[allowed_region] PASSED [ 78%]
tests/unit/test_task_policy_loader.py::test_each_required_field_is_mandatory[max_requests_per_minute] PASSED [ 79%]
tests/unit/test_task_policy_loader.py::test_each_region_field_is_mandatory[x_min] PASSED [ 80%]
tests/unit/test_task_policy_loader.py::test_each_region_field_is_mandatory[x_max] PASSED [ 80%]
tests/unit/test_task_policy_loader.py::test_each_region_field_is_mandatory[y_min] PASSED [ 81%]
tests/unit/test_task_policy_loader.py::test_each_region_field_is_mandatory[y_max] PASSED [ 81%]
tests/unit/test_task_policy_loader.py::test_string_fields_must_be_non_empty_strings[-task_id] PASSED [ 82%]
tests/unit/test_task_policy_loader.py::test_string_fields_must_be_non_empty_strings[-policy_version] PASSED [ 83%]
tests/unit/test_task_policy_loader.py::test_string_fields_must_be_non_empty_strings[-coordinate_frame] PASSED [ 83%]
tests/unit/test_task_policy_loader.py::test_string_fields_must_be_non_empty_strings[   -task_id] PASSED [ 84%]
tests/unit/test_task_policy_loader.py::test_string_fields_must_be_non_empty_strings[   -policy_version] PASSED [ 85%]
tests/unit/test_task_policy_loader.py::test_string_fields_must_be_non_empty_strings[   -coordinate_frame] PASSED [ 85%]
tests/unit/test_task_policy_loader.py::test_string_fields_must_be_non_empty_strings[5-task_id] PASSED [ 86%]
tests/unit/test_task_policy_loader.py::test_string_fields_must_be_non_empty_strings[5-policy_version] PASSED [ 87%]
tests/unit/test_task_policy_loader.py::test_string_fields_must_be_non_empty_strings[5-coordinate_frame] PASSED [ 87%]
tests/unit/test_task_policy_loader.py::test_active_must_be_a_real_boolean[true] PASSED [ 88%]
tests/unit/test_task_policy_loader.py::test_active_must_be_a_real_boolean[1] PASSED [ 89%]
tests/unit/test_task_policy_loader.py::test_active_must_be_a_real_boolean[None] PASSED [ 89%]
tests/unit/test_task_policy_loader.py::test_max_rate_must_be_a_finite_number[max_requests_per_minute-nan] PASSED [ 90%]
tests/unit/test_task_policy_loader.py::test_max_rate_must_be_a_finite_number[max_requests_per_minute-inf] PASSED [ 90%]
tests/unit/test_task_policy_loader.py::test_max_rate_must_be_a_finite_number[max_requests_per_minute--inf] PASSED [ 91%]
tests/unit/test_task_policy_loader.py::test_max_rate_must_be_a_finite_number[max_requests_per_minute-10] PASSED [ 92%]
tests/unit/test_task_policy_loader.py::test_max_rate_must_be_a_finite_number[max_requests_per_minute-True] PASSED [ 92%]
tests/unit/test_task_policy_loader.py::test_max_rate_must_be_a_finite_number[max_requests_per_minute-None] PASSED [ 93%]
tests/unit/test_task_policy_loader.py::test_max_rate_must_be_positive PASSED [ 94%]
tests/unit/test_task_policy_loader.py::test_region_bounds_must_be_finite_numbers[nan] PASSED [ 94%]
tests/unit/test_task_policy_loader.py::test_region_bounds_must_be_finite_numbers[inf] PASSED [ 95%]
tests/unit/test_task_policy_loader.py::test_region_bounds_must_be_finite_numbers[four] PASSED [ 96%]
tests/unit/test_task_policy_loader.py::test_region_bounds_must_be_finite_numbers[None] PASSED [ 96%]
tests/unit/test_task_policy_loader.py::test_region_bounds_must_be_finite_numbers[True] PASSED [ 97%]
tests/unit/test_task_policy_loader.py::test_region_min_greater_than_max_is_rejected PASSED [ 98%]
tests/unit/test_task_policy_loader.py::test_regression_fixture_files_are_rejected PASSED [ 98%]
tests/unit/test_task_policy_loader.py::test_provider_reloads_on_mtime_change_and_fails_closed_when_removed PASSED [ 99%]
tests/unit/test_task_policy_loader.py::test_provider_never_raises_for_missing_file PASSED [100%]

============================= 155 passed in 0.16s ==============================
[exit] 0
[log] ${WORKSPACE}/logs/unit_tests.log
---------------------------------------------------------------

############ STAGE: A/B scenarios ############
---------------------------------------------------------------
[run] A/B scenarios
[cmd] python3 tests/integration/scenario_runner.py --suite ab
evidence directory: tests/evidence/20261009T090740Z

=== scenario: A_zone_allow ===
    In-region target: Gateway ALLOW, one downstream Goal, EXECUTED.
    policy: /ws/config/task_policy.yaml
    [PASS] bringup: NavigationSim ready -- NAVSIM_READY seen in tests/evidence/20261009T090740Z/A_zone_allow/navsim.log
    [PASS] bringup: security_gateway ready -- GATEWAY_READY seen in tests/evidence/20261009T090740Z/A_zone_allow/gateway.log
    [PASS] navsim Goal count == 1 -- journal tests/evidence/20261009T090740Z/A_zone_allow/navsim_goals.jsonl has 1 line(s)
    [PASS] planner[allow] exit code == 0 -- actual exit code 0
    [PASS] planner[allow] Result.success == True -- status_code='EXECUTED' detail='recorded target (1.5, 1.5, 0.0) in frame map; no path planning performed'
    [PASS] planner[allow] status_code == EXECUTED -- actual status_code='EXECUTED'
    [PASS] DecisionEvent reason_code sequence == ['ALLOW_IN_POLICY'] -- actual sequence ['ALLOW_IN_POLICY']
    [PASS] ExecutionEvent count == 1 -- actual 1 ExecutionEvent(s): ['EXECUTED']
    [PASS] RosCommEvent count == DecisionEvent count == planner runs -- comm=1 decision=1 planner_runs=1
    [PASS] event_id traceability (1 RosComm + 1 Decision + <=1 Execution each) -- event_id groups: 1; malformed: none
    [PASS] BLOCKed event_ids never have an ExecutionEvent -- leaked event_ids: none
    [PASS] correlatable REJECTED log lines == 0 -- found 0 REJECTED line(s) in tests/evidence/20261009T090740Z/A_zone_allow/gateway.log
    [PASS] executor request_id set matches the ALLOWed set -- journal=['a-zone-request-0001'] expected=['a-zone-request-0001']

=== scenario: B_zone_block_out_of_region ===
    Out-of-region target: Gateway BLOCK/OUT_OF_REGION, zero downstream Goals.
    policy: /ws/config/task_policy.yaml
    [PASS] bringup: NavigationSim ready -- NAVSIM_READY seen in tests/evidence/20261009T090740Z/B_zone_block_out_of_region/navsim.log
    [PASS] bringup: security_gateway ready -- GATEWAY_READY seen in tests/evidence/20261009T090740Z/B_zone_block_out_of_region/gateway.log
    [PASS] navsim Goal count == 0 -- journal tests/evidence/20261009T090740Z/B_zone_block_out_of_region/navsim_goals.jsonl has 0 line(s)
    [PASS] planner[block] exit code == 0 -- actual exit code 0
    [PASS] planner[block] Result.success == False -- status_code='OUT_OF_REGION' detail="target (9.0, 9.0) outside allowed_region {'x_min': 0.0, 'x_max': 4.0, 'y_min': 0.0, 'y_max': 4.0}"
    [PASS] planner[block] status_code == OUT_OF_REGION -- actual status_code='OUT_OF_REGION'
    [PASS] DecisionEvent reason_code sequence == ['OUT_OF_REGION'] -- actual sequence ['OUT_OF_REGION']
    [PASS] ExecutionEvent count == 0 -- actual 0 ExecutionEvent(s): []
    [PASS] RosCommEvent count == DecisionEvent count == planner runs -- comm=1 decision=1 planner_runs=1
    [PASS] event_id traceability (1 RosComm + 1 Decision + <=1 Execution each) -- event_id groups: 1; malformed: none
    [PASS] BLOCKed event_ids never have an ExecutionEvent -- leaked event_ids: none
    [PASS] correlatable REJECTED log lines == 1 -- found 1 REJECTED line(s) in tests/evidence/20261009T090740Z/B_zone_block_out_of_region/gateway.log
    [PASS] every REJECTED line carries a BLOCKed request_id and event_id -- blocked request_ids=['b-zone-request-0002']
    [PASS] REJECTED lines declare downstream_goal_created=false -- checked 1 line(s)
    [PASS] executor request_id set matches the ALLOWed set -- journal=[] expected=[]

==============================================================================
SCENARIO SUMMARY  (2 passed / 2 total)
==============================================================================
  [PASS] A_zone_allow                       navsim_goals=1 decisions=ALLOW_IN_POLICY
  [PASS] B_zone_block_out_of_region         navsim_goals=0 decisions=OUT_OF_REGION
evidence: tests/evidence/20261009T090740Z
[exit] 0
[log] ${WORKSPACE}/logs/scenarios_ab.log
---------------------------------------------------------------

############ STAGE: negative cases ############
---------------------------------------------------------------
[run] negative cases
[cmd] python3 tests/integration/scenario_runner.py --suite negative
evidence directory: tests/evidence/20261009T090820Z

=== scenario: policy_file_missing ===
    Authoritative policy file absent: fail closed with POLICY_MISSING.
    policy: /ws/config/scenarios/task_policy_does_not_exist.yaml
    [PASS] bringup: NavigationSim ready -- NAVSIM_READY seen in tests/evidence/20261009T090820Z/policy_file_missing/navsim.log
    [PASS] bringup: security_gateway ready -- GATEWAY_READY seen in tests/evidence/20261009T090820Z/policy_file_missing/gateway.log
    [PASS] navsim Goal count == 0 -- journal tests/evidence/20261009T090820Z/policy_file_missing/navsim_goals.jsonl has 0 line(s)
    [PASS] planner[missing] exit code == 0 -- actual exit code 0
    [PASS] planner[missing] Result.success == False -- status_code='POLICY_MISSING' detail='no authoritative TaskPolicy is loaded'
    [PASS] planner[missing] status_code == POLICY_MISSING -- actual status_code='POLICY_MISSING'
    [PASS] DecisionEvent reason_code sequence == ['POLICY_MISSING'] -- actual sequence ['POLICY_MISSING']
    [PASS] ExecutionEvent count == 0 -- actual 0 ExecutionEvent(s): []
    [PASS] RosCommEvent count == DecisionEvent count == planner runs -- comm=1 decision=1 planner_runs=1
    [PASS] event_id traceability (1 RosComm + 1 Decision + <=1 Execution each) -- event_id groups: 1; malformed: none
    [PASS] BLOCKed event_ids never have an ExecutionEvent -- leaked event_ids: none
    [PASS] correlatable REJECTED log lines == 1 -- found 1 REJECTED line(s) in tests/evidence/20261009T090820Z/policy_file_missing/gateway.log
    [PASS] every REJECTED line carries a BLOCKed request_id and event_id -- blocked request_ids=['neg-policy-0001']
    [PASS] REJECTED lines declare downstream_goal_created=false -- checked 1 line(s)
    [PASS] executor request_id set matches the ALLOWed set -- journal=[] expected=[]

=== scenario: policy_missing_required_field ===
    Policy lacks coordinate_frame: schema error, fail closed.
    policy: /ws/config/scenarios/task_policy_missing_field.yaml
    [PASS] bringup: NavigationSim ready -- NAVSIM_READY seen in tests/evidence/20261009T090820Z/policy_missing_required_field/navsim.log
    [PASS] bringup: security_gateway ready -- GATEWAY_READY seen in tests/evidence/20261009T090820Z/policy_missing_required_field/gateway.log
    [PASS] navsim Goal count == 0 -- journal tests/evidence/20261009T090820Z/policy_missing_required_field/navsim_goals.jsonl has 0 line(s)
    [PASS] planner[badfield] exit code == 0 -- actual exit code 0
    [PASS] planner[badfield] Result.success == False -- status_code='POLICY_MISSING' detail='no authoritative TaskPolicy is loaded'
    [PASS] planner[badfield] status_code == POLICY_MISSING -- actual status_code='POLICY_MISSING'
    [PASS] DecisionEvent reason_code sequence == ['POLICY_MISSING'] -- actual sequence ['POLICY_MISSING']
    [PASS] ExecutionEvent count == 0 -- actual 0 ExecutionEvent(s): []
    [PASS] RosCommEvent count == DecisionEvent count == planner runs -- comm=1 decision=1 planner_runs=1
    [PASS] event_id traceability (1 RosComm + 1 Decision + <=1 Execution each) -- event_id groups: 1; malformed: none
    [PASS] BLOCKed event_ids never have an ExecutionEvent -- leaked event_ids: none
    [PASS] correlatable REJECTED log lines == 1 -- found 1 REJECTED line(s) in tests/evidence/20261009T090820Z/policy_missing_required_field/gateway.log
    [PASS] every REJECTED line carries a BLOCKed request_id and event_id -- blocked request_ids=['neg-policy-0002']
    [PASS] REJECTED lines declare downstream_goal_created=false -- checked 1 line(s)
    [PASS] executor request_id set matches the ALLOWed set -- journal=[] expected=[]

=== scenario: policy_nonfinite_region ===
    Policy region bound is NaN: never coerced, fail closed.
    policy: /ws/config/scenarios/task_policy_nonfinite_region.yaml
    [PASS] bringup: NavigationSim ready -- NAVSIM_READY seen in tests/evidence/20261009T090820Z/policy_nonfinite_region/navsim.log
    [PASS] bringup: security_gateway ready -- GATEWAY_READY seen in tests/evidence/20261009T090820Z/policy_nonfinite_region/gateway.log
    [PASS] navsim Goal count == 0 -- journal tests/evidence/20261009T090820Z/policy_nonfinite_region/navsim_goals.jsonl has 0 line(s)
    [PASS] planner[nanregion] exit code == 0 -- actual exit code 0
    [PASS] planner[nanregion] Result.success == False -- status_code='POLICY_MISSING' detail='no authoritative TaskPolicy is loaded'
    [PASS] planner[nanregion] status_code == POLICY_MISSING -- actual status_code='POLICY_MISSING'
    [PASS] DecisionEvent reason_code sequence == ['POLICY_MISSING'] -- actual sequence ['POLICY_MISSING']
    [PASS] ExecutionEvent count == 0 -- actual 0 ExecutionEvent(s): []
    [PASS] RosCommEvent count == DecisionEvent count == planner runs -- comm=1 decision=1 planner_runs=1
    [PASS] event_id traceability (1 RosComm + 1 Decision + <=1 Execution each) -- event_id groups: 1; malformed: none
    [PASS] BLOCKed event_ids never have an ExecutionEvent -- leaked event_ids: none
    [PASS] correlatable REJECTED log lines == 1 -- found 1 REJECTED line(s) in tests/evidence/20261009T090820Z/policy_nonfinite_region/gateway.log
    [PASS] every REJECTED line carries a BLOCKed request_id and event_id -- blocked request_ids=['neg-policy-0003']
    [PASS] REJECTED lines declare downstream_goal_created=false -- checked 1 line(s)
    [PASS] executor request_id set matches the ALLOWed set -- journal=[] expected=[]

=== scenario: policy_inactive ===
    Policy valid but active:false: treated as no authority, fail closed.
    policy: /ws/config/scenarios/task_policy_inactive.yaml
    [PASS] bringup: NavigationSim ready -- NAVSIM_READY seen in tests/evidence/20261009T090820Z/policy_inactive/navsim.log
    [PASS] bringup: security_gateway ready -- GATEWAY_READY seen in tests/evidence/20261009T090820Z/policy_inactive/gateway.log
    [PASS] navsim Goal count == 0 -- journal tests/evidence/20261009T090820Z/policy_inactive/navsim_goals.jsonl has 0 line(s)
    [PASS] planner[inactive] exit code == 0 -- actual exit code 0
    [PASS] planner[inactive] Result.success == False -- status_code='POLICY_MISSING' detail="authoritative policy '1.0-inactive' is marked active: false"
    [PASS] planner[inactive] status_code == POLICY_MISSING -- actual status_code='POLICY_MISSING'
    [PASS] DecisionEvent reason_code sequence == ['POLICY_MISSING'] -- actual sequence ['POLICY_MISSING']
    [PASS] ExecutionEvent count == 0 -- actual 0 ExecutionEvent(s): []
    [PASS] RosCommEvent count == DecisionEvent count == planner runs -- comm=1 decision=1 planner_runs=1
    [PASS] event_id traceability (1 RosComm + 1 Decision + <=1 Execution each) -- event_id groups: 1; malformed: none
    [PASS] BLOCKed event_ids never have an ExecutionEvent -- leaked event_ids: none
    [PASS] correlatable REJECTED log lines == 1 -- found 1 REJECTED line(s) in tests/evidence/20261009T090820Z/policy_inactive/gateway.log
    [PASS] every REJECTED line carries a BLOCKed request_id and event_id -- blocked request_ids=['neg-policy-0004']
    [PASS] REJECTED lines declare downstream_goal_created=false -- checked 1 line(s)
    [PASS] executor request_id set matches the ALLOWed set -- journal=[] expected=[]

=== scenario: task_id_mismatch_request_side ===
    Goal task_id differs from the authoritative policy: TASK_MISMATCH.
    policy: /ws/config/task_policy.yaml
    [PASS] bringup: NavigationSim ready -- NAVSIM_READY seen in tests/evidence/20261009T090820Z/task_id_mismatch_request_side/navsim.log
    [PASS] bringup: security_gateway ready -- GATEWAY_READY seen in tests/evidence/20261009T090820Z/task_id_mismatch_request_side/gateway.log
    [PASS] navsim Goal count == 0 -- journal tests/evidence/20261009T090820Z/task_id_mismatch_request_side/navsim_goals.jsonl has 0 line(s)
    [PASS] planner[taskmismatch] exit code == 0 -- actual exit code 0
    [PASS] planner[taskmismatch] Result.success == False -- status_code='TASK_MISMATCH' detail="request task_id 'patrol_b_042' != policy task_id 'patrol_a_001'"
    [PASS] planner[taskmismatch] status_code == TASK_MISMATCH -- actual status_code='TASK_MISMATCH'
    [PASS] DecisionEvent reason_code sequence == ['TASK_MISMATCH'] -- actual sequence ['TASK_MISMATCH']
    [PASS] ExecutionEvent count == 0 -- actual 0 ExecutionEvent(s): []
    [PASS] RosCommEvent count == DecisionEvent count == planner runs -- comm=1 decision=1 planner_runs=1
    [PASS] event_id traceability (1 RosComm + 1 Decision + <=1 Execution each) -- event_id groups: 1; malformed: none
    [PASS] BLOCKed event_ids never have an ExecutionEvent -- leaked event_ids: none
    [PASS] correlatable REJECTED log lines == 1 -- found 1 REJECTED line(s) in tests/evidence/20261009T090820Z/task_id_mismatch_request_side/gateway.log
    [PASS] every REJECTED line carries a BLOCKed request_id and event_id -- blocked request_ids=['neg-task-0001']
    [PASS] REJECTED lines declare downstream_goal_created=false -- checked 1 line(s)
    [PASS] executor request_id set matches the ALLOWed set -- journal=[] expected=[]

=== scenario: task_id_mismatch_policy_side ===
    Authoritative policy is for patrol_b_999: a patrol_a_001 Goal is TASK_MISMATCH.
    policy: /ws/config/scenarios/task_policy_task_b.yaml
    [PASS] bringup: NavigationSim ready -- NAVSIM_READY seen in tests/evidence/20261009T090820Z/task_id_mismatch_policy_side/navsim.log
    [PASS] bringup: security_gateway ready -- GATEWAY_READY seen in tests/evidence/20261009T090820Z/task_id_mismatch_policy_side/gateway.log
    [PASS] navsim Goal count == 0 -- journal tests/evidence/20261009T090820Z/task_id_mismatch_policy_side/navsim_goals.jsonl has 0 line(s)
    [PASS] planner[taskmismatch2] exit code == 0 -- actual exit code 0
    [PASS] planner[taskmismatch2] Result.success == False -- status_code='TASK_MISMATCH' detail="request task_id 'patrol_a_001' != policy task_id 'patrol_b_999'"
    [PASS] planner[taskmismatch2] status_code == TASK_MISMATCH -- actual status_code='TASK_MISMATCH'
    [PASS] DecisionEvent reason_code sequence == ['TASK_MISMATCH'] -- actual sequence ['TASK_MISMATCH']
    [PASS] ExecutionEvent count == 0 -- actual 0 ExecutionEvent(s): []
    [PASS] RosCommEvent count == DecisionEvent count == planner runs -- comm=1 decision=1 planner_runs=1
    [PASS] event_id traceability (1 RosComm + 1 Decision + <=1 Execution each) -- event_id groups: 1; malformed: none
    [PASS] BLOCKed event_ids never have an ExecutionEvent -- leaked event_ids: none
    [PASS] correlatable REJECTED log lines == 1 -- found 1 REJECTED line(s) in tests/evidence/20261009T090820Z/task_id_mismatch_policy_side/gateway.log
    [PASS] every REJECTED line carries a BLOCKed request_id and event_id -- blocked request_ids=['neg-task-0002']
    [PASS] REJECTED lines declare downstream_goal_created=false -- checked 1 line(s)
    [PASS] executor request_id set matches the ALLOWed set -- journal=[] expected=[]

=== scenario: frame_id_invalid ===
    Goal frame_id=camera_link while policy coordinate_frame=map: INVALID_TARGET.
    policy: /ws/config/task_policy.yaml
    [PASS] bringup: NavigationSim ready -- NAVSIM_READY seen in tests/evidence/20261009T090820Z/frame_id_invalid/navsim.log
    [PASS] bringup: security_gateway ready -- GATEWAY_READY seen in tests/evidence/20261009T090820Z/frame_id_invalid/gateway.log
    [PASS] navsim Goal count == 0 -- journal tests/evidence/20261009T090820Z/frame_id_invalid/navsim_goals.jsonl has 0 line(s)
    [PASS] planner[badframe] exit code == 0 -- actual exit code 0
    [PASS] planner[badframe] Result.success == False -- status_code='INVALID_TARGET' detail="target frame_id 'camera_link' != policy coordinate_frame 'map'"
    [PASS] planner[badframe] status_code == INVALID_TARGET -- actual status_code='INVALID_TARGET'
    [PASS] DecisionEvent reason_code sequence == ['INVALID_TARGET'] -- actual sequence ['INVALID_TARGET']
    [PASS] ExecutionEvent count == 0 -- actual 0 ExecutionEvent(s): []
    [PASS] RosCommEvent count == DecisionEvent count == planner runs -- comm=1 decision=1 planner_runs=1
    [PASS] event_id traceability (1 RosComm + 1 Decision + <=1 Execution each) -- event_id groups: 1; malformed: none
    [PASS] BLOCKed event_ids never have an ExecutionEvent -- leaked event_ids: none
    [PASS] correlatable REJECTED log lines == 1 -- found 1 REJECTED line(s) in tests/evidence/20261009T090820Z/frame_id_invalid/gateway.log
    [PASS] every REJECTED line carries a BLOCKed request_id and event_id -- blocked request_ids=['neg-frame-0001']
    [PASS] REJECTED lines declare downstream_goal_created=false -- checked 1 line(s)
    [PASS] executor request_id set matches the ALLOWed set -- journal=[] expected=[]

=== scenario: target_nan ===
    Goal target.x = NaN: INVALID_TARGET, never coerced.
    policy: /ws/config/task_policy.yaml
    [PASS] bringup: NavigationSim ready -- NAVSIM_READY seen in tests/evidence/20261009T090820Z/target_nan/navsim.log
    [PASS] bringup: security_gateway ready -- GATEWAY_READY seen in tests/evidence/20261009T090820Z/target_nan/gateway.log
    [PASS] navsim Goal count == 0 -- journal tests/evidence/20261009T090820Z/target_nan/navsim_goals.jsonl has 0 line(s)
    [PASS] planner[nan] exit code == 0 -- actual exit code 0
    [PASS] planner[nan] Result.success == False -- status_code='INVALID_TARGET' detail='target.x is not a finite number: nan'
    [PASS] planner[nan] status_code == INVALID_TARGET -- actual status_code='INVALID_TARGET'
    [PASS] DecisionEvent reason_code sequence == ['INVALID_TARGET'] -- actual sequence ['INVALID_TARGET']
    [PASS] ExecutionEvent count == 0 -- actual 0 ExecutionEvent(s): []
    [PASS] RosCommEvent count == DecisionEvent count == planner runs -- comm=1 decision=1 planner_runs=1
    [PASS] event_id traceability (1 RosComm + 1 Decision + <=1 Execution each) -- event_id groups: 1; malformed: none
    [PASS] BLOCKed event_ids never have an ExecutionEvent -- leaked event_ids: none
    [PASS] correlatable REJECTED log lines == 1 -- found 1 REJECTED line(s) in tests/evidence/20261009T090820Z/target_nan/gateway.log
    [PASS] every REJECTED line carries a BLOCKed request_id and event_id -- blocked request_ids=['neg-nan-0001']
    [PASS] REJECTED lines declare downstream_goal_created=false -- checked 1 line(s)
    [PASS] executor request_id set matches the ALLOWed set -- journal=[] expected=[]

=== scenario: target_infinite ===
    Goal target.y = inf: INVALID_TARGET, never coerced.
    policy: /ws/config/task_policy.yaml
    [PASS] bringup: NavigationSim ready -- NAVSIM_READY seen in tests/evidence/20261009T090820Z/target_infinite/navsim.log
    [PASS] bringup: security_gateway ready -- GATEWAY_READY seen in tests/evidence/20261009T090820Z/target_infinite/gateway.log
    [PASS] navsim Goal count == 0 -- journal tests/evidence/20261009T090820Z/target_infinite/navsim_goals.jsonl has 0 line(s)
    [PASS] planner[inf] exit code == 0 -- actual exit code 0
    [PASS] planner[inf] Result.success == False -- status_code='INVALID_TARGET' detail='target.y is not a finite number: inf'
    [PASS] planner[inf] status_code == INVALID_TARGET -- actual status_code='INVALID_TARGET'
    [PASS] DecisionEvent reason_code sequence == ['INVALID_TARGET'] -- actual sequence ['INVALID_TARGET']
    [PASS] ExecutionEvent count == 0 -- actual 0 ExecutionEvent(s): []
    [PASS] RosCommEvent count == DecisionEvent count == planner runs -- comm=1 decision=1 planner_runs=1
    [PASS] event_id traceability (1 RosComm + 1 Decision + <=1 Execution each) -- event_id groups: 1; malformed: none
    [PASS] BLOCKed event_ids never have an ExecutionEvent -- leaked event_ids: none
    [PASS] correlatable REJECTED log lines == 1 -- found 1 REJECTED line(s) in tests/evidence/20261009T090820Z/target_infinite/gateway.log
    [PASS] every REJECTED line carries a BLOCKed request_id and event_id -- blocked request_ids=['neg-inf-0001']
    [PASS] REJECTED lines declare downstream_goal_created=false -- checked 1 line(s)
    [PASS] executor request_id set matches the ALLOWed set -- journal=[] expected=[]

=== scenario: duplicate_request_id ===
    Same request_id sent twice: ALLOW then DUPLICATE_REQUEST (replay guard).
    policy: /ws/config/task_policy.yaml
    [PASS] bringup: NavigationSim ready -- NAVSIM_READY seen in tests/evidence/20261009T090820Z/duplicate_request_id/navsim.log
    [PASS] bringup: security_gateway ready -- GATEWAY_READY seen in tests/evidence/20261009T090820Z/duplicate_request_id/gateway.log
    [PASS] navsim Goal count == 1 -- journal tests/evidence/20261009T090820Z/duplicate_request_id/navsim_goals.jsonl has 1 line(s)
    [PASS] planner[first] exit code == 0 -- actual exit code 0
    [PASS] planner[replay] exit code == 0 -- actual exit code 0
    [PASS] planner[first] Result.success == True -- status_code='EXECUTED' detail='recorded target (2.0, 2.0, 0.0) in frame map; no path planning performed'
    [PASS] planner[first] status_code == EXECUTED -- actual status_code='EXECUTED'
    [PASS] planner[replay] Result.success == False -- status_code='DUPLICATE_REQUEST' detail="request_id 'neg-dup-0001' was already received within the duplicate window"
    [PASS] planner[replay] status_code == DUPLICATE_REQUEST -- actual status_code='DUPLICATE_REQUEST'
    [PASS] DecisionEvent reason_code sequence == ['ALLOW_IN_POLICY', 'DUPLICATE_REQUEST'] -- actual sequence ['ALLOW_IN_POLICY', 'DUPLICATE_REQUEST']
    [PASS] ExecutionEvent count == 1 -- actual 1 ExecutionEvent(s): ['EXECUTED']
    [PASS] RosCommEvent count == DecisionEvent count == planner runs -- comm=2 decision=2 planner_runs=2
    [PASS] event_id traceability (1 RosComm + 1 Decision + <=1 Execution each) -- event_id groups: 2; malformed: none
    [PASS] BLOCKed event_ids never have an ExecutionEvent -- leaked event_ids: none
    [PASS] correlatable REJECTED log lines == 1 -- found 1 REJECTED line(s) in tests/evidence/20261009T090820Z/duplicate_request_id/gateway.log
    [PASS] every REJECTED line carries a BLOCKed request_id and event_id -- blocked request_ids=['neg-dup-0001']
    [PASS] REJECTED lines declare downstream_goal_created=false -- checked 1 line(s)
    [PASS] executor request_id set matches the ALLOWed set -- journal=['neg-dup-0001'] expected=['neg-dup-0001']

=== scenario: rate_limit ===
    max_requests_per_minute=2: third in-region Goal is RATE_LIMIT.
    policy: /ws/config/scenarios/task_policy_low_rate.yaml
    [PASS] bringup: NavigationSim ready -- NAVSIM_READY seen in tests/evidence/20261009T090820Z/rate_limit/navsim.log
    [PASS] bringup: security_gateway ready -- GATEWAY_READY seen in tests/evidence/20261009T090820Z/rate_limit/gateway.log
    [PASS] navsim Goal count == 2 -- journal tests/evidence/20261009T090820Z/rate_limit/navsim_goals.jsonl has 2 line(s)
    [PASS] planner[r1] exit code == 0 -- actual exit code 0
    [PASS] planner[r2] exit code == 0 -- actual exit code 0
    [PASS] planner[r3] exit code == 0 -- actual exit code 0
    [PASS] planner[r1] Result.success == True -- status_code='EXECUTED' detail='recorded target (1.0, 1.0, 0.0) in frame map; no path planning performed'
    [PASS] planner[r1] status_code == EXECUTED -- actual status_code='EXECUTED'
    [PASS] planner[r2] Result.success == True -- status_code='EXECUTED' detail='recorded target (2.0, 2.0, 0.0) in frame map; no path planning performed'
    [PASS] planner[r2] status_code == EXECUTED -- actual status_code='EXECUTED'
    [PASS] planner[r3] Result.success == False -- status_code='RATE_LIMIT' detail='more than 2.0 admitted requests within 60.0s'
    [PASS] planner[r3] status_code == RATE_LIMIT -- actual status_code='RATE_LIMIT'
    [PASS] DecisionEvent reason_code sequence == ['ALLOW_IN_POLICY', 'ALLOW_IN_POLICY', 'RATE_LIMIT'] -- actual sequence ['ALLOW_IN_POLICY', 'ALLOW_IN_POLICY', 'RATE_LIMIT']
    [PASS] ExecutionEvent count == 2 -- actual 2 ExecutionEvent(s): ['EXECUTED', 'EXECUTED']
    [PASS] RosCommEvent count == DecisionEvent count == planner runs -- comm=3 decision=3 planner_runs=3
    [PASS] event_id traceability (1 RosComm + 1 Decision + <=1 Execution each) -- event_id groups: 3; malformed: none
    [PASS] BLOCKed event_ids never have an ExecutionEvent -- leaked event_ids: none
    [PASS] correlatable REJECTED log lines == 1 -- found 1 REJECTED line(s) in tests/evidence/20261009T090820Z/rate_limit/gateway.log
    [PASS] every REJECTED line carries a BLOCKed request_id and event_id -- blocked request_ids=['neg-rate-0003']
    [PASS] REJECTED lines declare downstream_goal_created=false -- checked 1 line(s)
    [PASS] executor request_id set matches the ALLOWed set -- journal=['neg-rate-0001', 'neg-rate-0002'] expected=['neg-rate-0001', 'neg-rate-0002']

=== scenario: execution_timeout ===
    Executor stalls past execution_timeout_sec: EXECUTION_TIMEOUT, audited.
    policy: /ws/config/task_policy.yaml
    [PASS] bringup: NavigationSim ready -- NAVSIM_READY seen in tests/evidence/20261009T090820Z/execution_timeout/navsim.log
    [PASS] bringup: security_gateway ready -- GATEWAY_READY seen in tests/evidence/20261009T090820Z/execution_timeout/gateway.log
    [PASS] navsim Goal count == 1 -- journal tests/evidence/20261009T090820Z/execution_timeout/navsim_goals.jsonl has 1 line(s)
    [PASS] planner[timeout] exit code == 0 -- actual exit code 0
    [PASS] planner[timeout] Result.success == False -- status_code='EXECUTION_TIMEOUT' detail='downstream Goal 0c61defdaf5c4e768aac586c9f2baa9a WAS created and accepted, but its execution result did not arrive withi'
    [PASS] planner[timeout] status_code == EXECUTION_TIMEOUT -- actual status_code='EXECUTION_TIMEOUT'
    [PASS] DecisionEvent reason_code sequence == ['ALLOW_IN_POLICY'] -- actual sequence ['ALLOW_IN_POLICY']
    [PASS] ExecutionEvent count == 1 -- actual 1 ExecutionEvent(s): ['EXECUTION_TIMEOUT']
    [PASS] RosCommEvent count == DecisionEvent count == planner runs -- comm=1 decision=1 planner_runs=1
    [PASS] event_id traceability (1 RosComm + 1 Decision + <=1 Execution each) -- event_id groups: 1; malformed: none
    [PASS] BLOCKed event_ids never have an ExecutionEvent -- leaked event_ids: none
    [PASS] correlatable REJECTED log lines == 0 -- found 0 REJECTED line(s) in tests/evidence/20261009T090820Z/execution_timeout/gateway.log
    [PASS] executor request_id set matches the ALLOWed set -- journal=['neg-timeout-0001'] expected=['neg-timeout-0001']

==============================================================================
SCENARIO SUMMARY  (12 passed / 12 total)
==============================================================================
  [PASS] policy_file_missing                navsim_goals=0 decisions=POLICY_MISSING
  [PASS] policy_missing_required_field      navsim_goals=0 decisions=POLICY_MISSING
  [PASS] policy_nonfinite_region            navsim_goals=0 decisions=POLICY_MISSING
  [PASS] policy_inactive                    navsim_goals=0 decisions=POLICY_MISSING
  [PASS] task_id_mismatch_request_side      navsim_goals=0 decisions=TASK_MISMATCH
  [PASS] task_id_mismatch_policy_side       navsim_goals=0 decisions=TASK_MISMATCH
  [PASS] frame_id_invalid                   navsim_goals=0 decisions=INVALID_TARGET
  [PASS] target_nan                         navsim_goals=0 decisions=INVALID_TARGET
  [PASS] target_infinite                    navsim_goals=0 decisions=INVALID_TARGET
  [PASS] duplicate_request_id               navsim_goals=1 decisions=ALLOW_IN_POLICY,DUPLICATE_REQUEST
  [PASS] rate_limit                         navsim_goals=2 decisions=ALLOW_IN_POLICY,ALLOW_IN_POLICY,RATE_LIMIT
  [PASS] execution_timeout                  navsim_goals=1 decisions=ALLOW_IN_POLICY
evidence: tests/evidence/20261009T090820Z
[exit] 0
[log] ${WORKSPACE}/logs/scenarios_negative.log
---------------------------------------------------------------

===============================================================
VERIFICATION SUMMARY
===============================================================
  colcon build           PASS         log: ${WORKSPACE}/logs/build.log
  unit tests             PASS         log: ${WORKSPACE}/logs/unit_tests.log
  A/B scenarios          PASS         log: ${WORKSPACE}/logs/scenarios_ab.log
  negative cases         PASS         log: ${WORKSPACE}/logs/scenarios_negative.log
===============================================================
OVERALL: PASS
